exports[`test NewColorPicker renders correctly 1`] = `
<div
  className="new-color-picker flex pt2">
  <div>
    <div
      className="color-field flex-auto mr1"
      onClick={[Function]}
      style={
        Object {
          "backgroundColor": undefined,
        }
      } />
  </div>
  <div>
    <div
      className="color-field flex-auto mr1"
      onClick={[Function]}
      style={
        Object {
          "backgroundColor": undefined,
        }
      } />
  </div>
  <svg
    className="mr1"
    height={40}
    onClick={[Function]}
    viewBox="0 0 40 40"
    width={40}
    xmlns="http://www.w3.org/2000/svg"
    xmlnsXlink="http://www.w3.org/1999/xlink">
    <defs>
      <circle
        cx={20}
        cy={20}
        id="a"
        r={20} />
      <mask
        fill="#fff"
        height={40}
        id="b"
        width={40}
        x="0"
        y="0">
        <use
          xlinkHref="#a" />
      </mask>
    </defs>
    <g
      fill="none"
      fillRule="evenodd">
      <use
        mask="url(#b)"
        stroke="#979797"
        strokeWidth="4"
        xlinkHref="#a" />
      <g
        fill="#9B9B9B">
        <path
          d="M8 20l5-7v14zM13 21v-2h14v2zM32 20l-5 7V13z" />
      </g>
    </g>
  </svg>
  <svg
    className=""
    height={40}
    onClick={[Function]}
    viewBox="0 0 40 40"
    width={40}
    xmlns="http://www.w3.org/2000/svg"
    xmlnsXlink="http://www.w3.org/1999/xlink">
    <defs>
      <circle
        cx={20}
        cy={20}
        id="a"
        r={20} />
      <mask
        fill="#fff"
        height={40}
        id="b"
        width={40}
        x="0"
        y="0">
        <use
          xlinkHref="#a" />
      </mask>
    </defs>
    <g
      fill="#333"
      fillRule="evenodd">
      <use
        mask="url(#b)"
        stroke="#333"
        strokeWidth="4"
        xlinkHref="#a" />
      <path
        d="M17.854 26.96l12.57-12.57-1.414-1.415-11.156 11.157-6.157-6.157-1.415 1.414z"
        fill="#fff" />
    </g>
  </svg>
</div>
`;
