// Jest Snapshot v1, https://goo.gl/fbAQLP

exports[`DropzoneContainer renders correctly 1`] = `
<div
  className=""
  onClick={[Function]}
  onDragEnter={[Function]}
  onDragLeave={[Function]}
  onDragOver={[Function]}
  onDragStart={[Function]}
  onDrop={[Function]}
  style={Object {}}
>
  <div
    className="drop-area z3"
  />
  <input
    accept="image/*"
    multiple={false}
    onChange={[Function]}
    style={
      Object {
        "display": "none",
      }
    }
    type="file"
  />
</div>
`;
