// Jest Snapshot v1, https://goo.gl/fbAQLP

exports[`actionTypes are exported correctly 1`] = `
Object {
  "actionTypes": Object {
    "ADD_DUOTONE_COLOR": "ADD_DUOTONE_COLOR",
    "ADD_FILE": "ADD_FILE",
    "INVALID_FILE": "INVALID_FILE",
    "SET_DUOTONE_COLOR": "SET_DUOTONE_COLOR",
    "SET_PRIMARY_COLOR": "SET_PRIMARY_COLOR",
    "SET_SECONDARY_COLOR": "SET_SECONDARY_COLOR",
    "TOGGLE_COLOR_PICKER": "TOGGLE_COLOR_PICKER",
  },
}
`;
